ELF







HãEËHâ«ËØ¸ˇˇH9√rπHãc
ø


ËöÛˇˇHâE¯HÉ}
HãE¯Hã@ÎHãE¯Hã@HâE¯HÉ}


























"


§Y5 É Ét

âY.X
Èª†¢ 0) Â
˚ ûòÂftÈÿÂ •‰ J á †Z
g í† ªf°  úÖÉ+Á
Â †)]…
Â †)\…
Ê †)0SÚ >1»
D< û>ê$ ut
0+L÷ ∫t<
gu◊vÂ†ë<ÉÇZÂ
†t
ªK .z Çê)=◊vÂ°≠ ºÇÚ
[Ç»
uÇÚâ+"ÇÚ
ÉÇ»vCA Çê =ÇÚ[%Ç»w Ç
.L†
ªo 4
#Y




pen@@GLIBC_2.2.


